// Jest Snapshot v1, https://goo.gl/fbAQLP

exports[`lib/api snapshot api calls 1`] = `
Object {
  "delete": [Function],
  "get": [MockFunction],
  "patch": [Function],
  "post": [Function],
  "put": [Function],
  "setToken": [Function],
  "token": "eyJhbGciOiJIUzI1NiIsInR56IkpXVCxxxxxxxxxxx",
}
`;
