// Jest Snapshot v1, https://goo.gl/fbAQLP

exports[`Store check the initial state 1`] = `
Object {
  "next": null,
  "wait": null,
}
`;
