// Jest Snapshot v1, https://goo.gl/fbAQLP

exports[`util/tileLayer check the tileLayer objecr 1`] = `
Object {
  "url": "https://{s}.tile.openstreetmap.org/{z}/{x}/{y}.png",
}
`;
