// Jest Snapshot v1, https://goo.gl/fbAQLP

exports[`AddNewForm Page renders correctly 1`] = `
<View
  style={
    {
      "backgroundColor": "#f9fafb",
      "flex": 1,
      "flexDirection": "column",
      "flexWrap": "wrap",
    }
  }
  testID="stack-container"
>
  <View
    style={
      {
        "alignItems": "center",
        "backgroundColor": "#f3f4f6",
        "borderBottomColor": "#f2f2f2",
        "borderBottomWidth": 0.5,
        "flexDirection": "row",
        "justifyContent": "space-between",
        "minheight": 78,
        "paddingHorizontal": 10,
        "paddingVertical": 10,
      }
    }
    testID="base-layout-page-title"
  >
    <RNCSafeAreaView
      edges={
        [
          "left",
          "top",
          "right",
        ]
      }
      style={
        {
          "flexDirection": "row",
          "width": "100%",
        }
      }
    >
      <View
        style={
          {
            "alignItems": "flex-start",
            "flex": 1,
          }
        }
      >
        <Text
          accessibilityRole="text"
          style={
            {
              "color": "#242424",
            }
          }
        />
      </View>
      <View
        style={
          {
            "alignItems": "center",
            "flex": 3,
          }
        }
      >
        <Text
          accessibilityRole="text"
          style={
            {
              "color": "#242424",
              "fontSize": 18,
              "paddingTop": 4,
              "textAlign": "center",
            }
          }
          testID="page-title"
        >
          Add New Form
        </Text>
      </View>
      <View
        style={
          {
            "alignItems": "flex-end",
            "flex": 1,
          }
        }
      />
    </RNCSafeAreaView>
  </View>
  <View
    style={
      {
        "backgroundColor": "#f9fafb",
        "flex": 1,
        "flexDirection": "row",
        "flexWrap": "wrap",
      }
    }
    testID="stack-container"
  >
    <View
      style={
        {
          "paddingHorizontal": 16,
          "paddingTop": 24,
          "width": "100%",
        }
      }
    >
      <View
        style={
          {
            "paddingHorizontal": 10,
            "width": "100%",
          }
        }
        testID="RNE__Input__view-wrapper"
      >
        <View
          collapsable={false}
          style={
            {
              "alignItems": "center",
              "borderBottomWidth": 1,
              "borderColor": "#86939e",
              "flexDirection": "row",
              "transform": [
                {
                  "translateX": 0,
                },
              ],
              "width": "100%",
            }
          }
        >
          <TextInput
            autoFocus={true}
            editable={true}
            keyboardType="numeric"
            onChangeText={[Function]}
            placeholder="Form ID"
            placeholderTextColor="#86939e"
            style={
              {
                "color": "#242424",
                "flex": 1,
                "fontSize": 18,
                "minHeight": 40,
              }
            }
            testID="input-form-id"
            underlineColorAndroid="transparent"
            value={null}
          />
        </View>
        <Text
          style={
            {
              "color": "#ff190c",
              "fontSize": 12,
              "margin": 5,
            }
          }
        />
      </View>
      <View
        style={
          [
            {
              "overflow": "hidden",
            },
            {
              "borderRadius": 2,
            },
            undefined,
            false,
          ]
        }
        testID="RNE_BUTTON_WRAPPER"
      >
        <View
          accessibilityRole="button"
          accessibilityState={
            {
              "busy": false,
              "checked": undefined,
              "disabled": false,
              "expanded": undefined,
              "selected": undefined,
            }
          }
          accessibilityValue={
            {
              "max": undefined,
              "min": undefined,
              "now": undefined,
              "text": undefined,
            }
          }
          accessible={true}
          collapsable={false}
          focusable={true}
          onClick={[Function]}
          onResponderGrant={[Function]}
          onResponderMove={[Function]}
          onResponderRelease={[Function]}
          onResponderTerminate={[Function]}
          onResponderTerminationRequest={[Function]}
          onStartShouldSetResponder={[Function]}
          style={
            {
              "opacity": 1,
            }
          }
          testID="button-download-form"
        >
          <View
            style={
              {
                "alignItems": "center",
                "backgroundColor": "#2089dc",
                "borderColor": "#2089dc",
                "borderRadius": 2,
                "borderWidth": 0,
                "flexDirection": "row",
                "justifyContent": "center",
                "padding": 8,
                "paddingHorizontal": 10,
              }
            }
          >
            <Text
              style={
                {
                  "color": "white",
                  "fontSize": 18,
                  "paddingVertical": 1,
                  "textAlign": "center",
                }
              }
            >
              Download Form
            </Text>
          </View>
        </View>
      </View>
    </View>
  </View>
  <Modal
    hardwareAccelerated={false}
    onRequestClose={[Function]}
    style={
      {
        "flex": 1,
        "width": "100%",
      }
    }
    testID="Internal__Overlay"
    transparent={true}
    visible={false}
  />
</View>
`;
