// Jest Snapshot v1, https://goo.gl/fbAQLP

exports[`UsersPage should match with snapshot 1`] = `
<View
  style={
    {
      "backgroundColor": "#f9fafb",
      "flex": 1,
      "flexDirection": "column",
      "flexWrap": "wrap",
    }
  }
  testID="stack-container"
>
  <View
    style={
      {
        "alignItems": "center",
        "backgroundColor": "#f3f4f6",
        "borderBottomColor": "#f2f2f2",
        "borderBottomWidth": 0.5,
        "flexDirection": "row",
        "justifyContent": "space-between",
        "minheight": 78,
        "paddingHorizontal": 10,
        "paddingVertical": 10,
      }
    }
    testID="base-layout-page-title"
  >
    <RNCSafeAreaView
      edges={
        [
          "left",
          "top",
          "right",
        ]
      }
      style={
        {
          "flexDirection": "row",
          "width": "100%",
        }
      }
    >
      <View
        style={
          {
            "alignItems": "flex-start",
            "flex": 1,
          }
        }
      >
        <View
          style={
            [
              {
                "overflow": "hidden",
              },
              {
                "borderRadius": 2,
              },
              undefined,
              false,
            ]
          }
          testID="RNE_BUTTON_WRAPPER"
        >
          <View
            accessibilityRole="button"
            accessibilityState={
              {
                "busy": false,
                "checked": undefined,
                "disabled": false,
                "expanded": undefined,
                "selected": undefined,
              }
            }
            accessibilityValue={
              {
                "max": undefined,
                "min": undefined,
                "now": undefined,
                "text": undefined,
              }
            }
            accessible={true}
            collapsable={false}
            focusable={true}
            onClick={[Function]}
            onResponderGrant={[Function]}
            onResponderMove={[Function]}
            onResponderRelease={[Function]}
            onResponderTerminate={[Function]}
            onResponderTerminationRequest={[Function]}
            onStartShouldSetResponder={[Function]}
            style={
              {
                "opacity": 1,
              }
            }
            testID="arrow-back-button"
          >
            <View
              style={
                {
                  "alignItems": "center",
                  "backgroundColor": "transparent",
                  "borderColor": "#2089dc",
                  "borderRadius": 2,
                  "borderWidth": 0,
                  "flexDirection": "row",
                  "justifyContent": "center",
                  "padding": 8,
                  "paddingHorizontal": 10,
                }
              }
            >
              <Text
                allowFontScaling={false}
                selectable={false}
                style={
                  [
                    {
                      "color": undefined,
                      "fontSize": 18,
                    },
                    undefined,
                    {
                      "fontFamily": "ionicons",
                      "fontStyle": "normal",
                      "fontWeight": "normal",
                    },
                    {},
                  ]
                }
              >
                
              </Text>
            </View>
          </View>
        </View>
      </View>
      <View
        style={
          {
            "alignItems": "center",
            "flex": 3,
          }
        }
      >
        <Text
          accessibilityRole="text"
          style={
            {
              "color": "#242424",
              "fontSize": 18,
              "paddingTop": 4,
              "textAlign": "center",
            }
          }
          testID="page-title"
        >
          Users
        </Text>
      </View>
      <View
        style={
          {
            "alignItems": "flex-end",
            "flex": 1,
          }
        }
      >
        <View
          style={
            [
              {
                "overflow": "hidden",
              },
              {
                "borderRadius": 2,
              },
              undefined,
              false,
            ]
          }
          testID="RNE_BUTTON_WRAPPER"
        >
          <View
            accessibilityRole="button"
            accessibilityState={
              {
                "busy": false,
                "checked": undefined,
                "disabled": false,
                "expanded": undefined,
                "selected": undefined,
              }
            }
            accessibilityValue={
              {
                "max": undefined,
                "min": undefined,
                "now": undefined,
                "text": undefined,
              }
            }
            accessible={true}
            collapsable={false}
            focusable={true}
            onClick={[Function]}
            onResponderGrant={[Function]}
            onResponderMove={[Function]}
            onResponderRelease={[Function]}
            onResponderTerminate={[Function]}
            onResponderTerminationRequest={[Function]}
            onStartShouldSetResponder={[Function]}
            style={
              {
                "opacity": 1,
              }
            }
            testID="button-add-user"
          >
            <View
              style={
                {
                  "alignItems": "center",
                  "backgroundColor": "transparent",
                  "borderColor": "#2089dc",
                  "borderRadius": 2,
                  "borderWidth": 0,
                  "flexDirection": "row",
                  "justifyContent": "center",
                  "padding": 8,
                  "paddingHorizontal": 10,
                }
              }
            >
              <Text
                allowFontScaling={false}
                selectable={false}
                style={
                  [
                    {
                      "color": undefined,
                      "fontSize": 18,
                    },
                    undefined,
                    {
                      "fontFamily": "ionicons",
                      "fontStyle": "normal",
                      "fontWeight": "normal",
                    },
                    {},
                  ]
                }
              >
                
              </Text>
            </View>
          </View>
        </View>
      </View>
    </RNCSafeAreaView>
  </View>
  <RCTScrollView
    style={
      {
        "width": "100%",
      }
    }
  >
    <View>
      <View
        style={
          {
            "justifyContent": "center",
          }
        }
      >
        <View
          style={
            {
              "bottom": 0,
              "flex": 1,
              "flexDirection": "row",
              "justifyContent": "space-between",
              "left": 0,
              "overflow": "hidden",
              "position": "absolute",
              "right": 0,
              "top": 0,
            }
          }
        >
          <View
            style={
              [
                {
                  "width": 250,
                  "zIndex": 1,
                },
                undefined,
              ]
            }
          />
          <View
            style={
              {
                "flex": 0,
              }
            }
          />
          <View
            style={
              [
                {
                  "width": 250,
                  "zIndex": 1,
                },
                undefined,
              ]
            }
          >
            <View
              style={
                [
                  {
                    "overflow": "hidden",
                  },
                  {
                    "borderRadius": 2,
                  },
                  undefined,
                  false,
                ]
              }
              testID="RNE_BUTTON_WRAPPER"
            >
              <View
                accessibilityRole="button"
                accessibilityState={
                  {
                    "busy": false,
                    "checked": undefined,
                    "disabled": false,
                    "expanded": undefined,
                    "selected": undefined,
                  }
                }
                accessibilityValue={
                  {
                    "max": undefined,
                    "min": undefined,
                    "now": undefined,
                    "text": undefined,
                  }
                }
                accessible={true}
                collapsable={false}
                focusable={true}
                onClick={[Function]}
                onResponderGrant={[Function]}
                onResponderMove={[Function]}
                onResponderRelease={[Function]}
                onResponderTerminate={[Function]}
                onResponderTerminationRequest={[Function]}
                onStartShouldSetResponder={[Function]}
                style={
                  {
                    "opacity": 1,
                  }
                }
              >
                <View
                  style={
                    {
                      "alignItems": "center",
                      "backgroundColor": "red",
                      "borderColor": "#2089dc",
                      "borderRadius": 2,
                      "borderWidth": 0,
                      "flexDirection": "row",
                      "justifyContent": "center",
                      "minHeight": "100%",
                      "padding": 8,
                      "paddingHorizontal": 10,
                    }
                  }
                >
                  <View
                    style={
                      {
                        "marginHorizontal": 5,
                        "overflow": "hidden",
                      }
                    }
                    testID="RNE__ICON__CONTAINER"
                  >
                    <View
                      accessibilityRole="button"
                      android_ripple={
                        {
                          "borderless": false,
                          "color": "rgba(0, 0, 0, 0.3)",
                          "radius": -5,
                        }
                      }
                      disabled={false}
                      testID="RNE__ICON__CONTAINER_ACTION"
                    >
                      <View
                        style={
                          {
                            "alignItems": "center",
                            "backgroundColor": "transparent",
                            "justifyContent": "center",
                          }
                        }
                        testID="RNE__ICON"
                      >
                        <Text
                          allowFontScaling={false}
                          selectable={false}
                          style={
                            [
                              {
                                "color": "white",
                                "fontSize": 24,
                              },
                              {
                                "backgroundColor": "transparent",
                              },
                              {
                                "fontFamily": "material",
                                "fontStyle": "normal",
                                "fontWeight": "normal",
                              },
                              {},
                            ]
                          }
                          testID="RNE__ICON__Component"
                        >
                          
                        </Text>
                      </View>
                    </View>
                  </View>
                  <Text
                    style={
                      {
                        "color": "white",
                        "fontSize": 18,
                        "paddingVertical": 1,
                        "textAlign": "center",
                      }
                    }
                  >
                    Delete
                  </Text>
                </View>
              </View>
            </View>
          </View>
        </View>
        <View
          collapsable={false}
          onMoveShouldSetResponder={[Function]}
          onMoveShouldSetResponderCapture={[Function]}
          onResponderEnd={[Function]}
          onResponderGrant={[Function]}
          onResponderMove={[Function]}
          onResponderReject={[Function]}
          onResponderRelease={[Function]}
          onResponderStart={[Function]}
          onResponderTerminate={[Function]}
          onResponderTerminationRequest={[Function]}
          onStartShouldSetResponder={[Function]}
          onStartShouldSetResponderCapture={[Function]}
          style={
            {
              "transform": [
                {
                  "translateX": 0,
                },
              ],
            }
          }
        >
          <View
            accessibilityState={
              {
                "busy": undefined,
                "checked": undefined,
                "disabled": undefined,
                "expanded": undefined,
                "selected": undefined,
              }
            }
            accessibilityValue={
              {
                "max": undefined,
                "min": undefined,
                "now": undefined,
                "text": undefined,
              }
            }
            accessible={true}
            collapsable={false}
            focusable={true}
            onBlur={[Function]}
            onClick={[Function]}
            onFocus={[Function]}
            onResponderGrant={[Function]}
            onResponderMove={[Function]}
            onResponderRelease={[Function]}
            onResponderTerminate={[Function]}
            onResponderTerminationRequest={[Function]}
            onStartShouldSetResponder={[Function]}
            testID="list-item-user-1"
          >
            <View
              style={
                {
                  "alignItems": "center",
                  "backgroundColor": "#ffffff",
                  "borderBottomWidth": 0.5,
                  "borderColor": "#bcbbc1",
                  "flexDirection": "row",
                  "padding": 14,
                }
              }
              testID="RNE__LISTITEM__padView"
            >
              <View
                style={
                  [
                    {
                      "alignItems": "flex-start",
                      "flex": 1,
                      "justifyContent": "center",
                    },
                    undefined,
                  ]
                }
                theme={
                  {
                    "colors": {
                      "background": "#ffffff",
                      "black": "#242424",
                      "disabled": "hsl(208, 8%, 90%)",
                      "divider": "#bcbbc1",
                      "error": "#ff190c",
                      "grey0": "#393e42",
                      "grey1": "#43484d",
                      "grey2": "#5e6977",
                      "grey3": "#86939e",
                      "grey4": "#bdc6cf",
                      "grey5": "#e1e8ee",
                      "greyOutline": "#bbb",
                      "platform": {
                        "android": {
                          "error": "#f44336",
                          "grey": "rgba(0, 0, 0, 0.54)",
                          "primary": "#2196f3",
                          "searchBg": "#dcdce1",
                          "secondary": "#9C27B0",
                          "success": "#4caf50",
                          "warning": "#ffeb3b",
                        },
                        "default": {
                          "error": "#ff3b30",
                          "grey": "#7d7d7d",
                          "primary": "#007aff",
                          "searchBg": "#dcdce1",
                          "secondary": "#5856d6",
                          "success": "#4cd964",
                          "warning": "#ffcc00",
                        },
                        "ios": {
                          "error": "#ff3b30",
                          "grey": "#7d7d7d",
                          "primary": "#007aff",
                          "searchBg": "#dcdce1",
                          "secondary": "#5856d6",
                          "success": "#4cd964",
                          "warning": "#ffcc00",
                        },
                        "web": {
                          "error": "#ff190c",
                          "grey": "#393e42",
                          "primary": "#2089dc",
                          "searchBg": "#303337",
                          "secondary": "#ca71eb",
                          "success": "#52c41a",
                          "warning": "#faad14",
                        },
                      },
                      "primary": "#2089dc",
                      "searchBg": "#303337",
                      "secondary": "#ad1457",
                      "success": "#52c41a",
                      "warning": "#faad14",
                      "white": "#ffffff",
                    },
                    "spacing": {
                      "lg": 12,
                      "md": 8,
                      "sm": 4,
                      "xl": 24,
                      "xs": 2,
                    },
                  }
                }
              >
                <Text
                  accessibilityRole="text"
                  style={
                    {
                      "backgroundColor": "transparent",
                      "color": "#242424",
                      "fontSize": 17,
                    }
                  }
                  testID="title-username-1"
                >
                  John
                </Text>
              </View>
              <View
                style={
                  {
                    "paddingLeft": 16,
                  }
                }
              />
              <Text
                allowFontScaling={false}
                selectable={false}
                style={
                  [
                    {
                      "color": undefined,
                      "fontSize": 18,
                    },
                    undefined,
                    {
                      "fontFamily": "ionicons",
                      "fontStyle": "normal",
                      "fontWeight": "normal",
                    },
                    {},
                  ]
                }
                testID="icon-checkmark-1"
              >
                
              </Text>
            </View>
          </View>
        </View>
      </View>
    </View>
  </RCTScrollView>
</View>
`;
