// Jest Snapshot v1, https://goo.gl/fbAQLP

exports[`pages/Dashboard test tabs with selected form 1`] = `
<div>
  <div
    class="ant-row  layout"
  >
    <div
      class="ant-row ant-row-space-between ant-row-middle header"
    >
      <div
        class="ant-col"
      >
        <div
          class="logo"
        >
          <a
            data-testid="logo"
            href="/"
          >
            <img
              alt="/logo.png"
              class="small-logo"
              src="/logo.png"
            />
            <h1>
              RUSH
              <small>
                Rural Urban Sanitation and Hygiene
              </small>
            </h1>
          </a>
        </div>
      </div>
      <div
        class="ant-col"
      >
        <div
          class="navigation"
        >
          <div
            class="ant-space ant-space-horizontal ant-space-align-center"
          >
            <div
              class="ant-space-item"
              style="margin-right: 8px;"
            >
              <a
                class="dev"
                href="/reports"
              >
                Reports
              </a>
            </div>
            <div
              class="ant-space-item"
              style="margin-right: 8px;"
            >
              <a
                class="ant-dropdown-trigger ant-dropdown-link"
                data-testid="dashboard"
              >
                Dashboards
              </a>
            </div>
            <div
              class="ant-space-item"
              style="margin-right: 8px;"
            >
              <a
                class="ant-dropdown-trigger ant-dropdown-link"
                data-testid="report"
              >
                Reports
              </a>
            </div>
            <div
              class="ant-space-item"
            >
              <a
                class="dev"
                href="/news-events"
              >
                News & Events
              </a>
            </div>
          </div>
        </div>
        <div
          class="account"
        >
          <a
            data-testid="login"
            href="/login"
          >
            <button
              class="ant-btn ant-btn-primary ant-btn-sm"
              type="button"
            >
              <span>
                Log in
              </span>
            </button>
          </a>
        </div>
      </div>
    </div>
    
    <div
      class="body"
    >
      <div
        id="dashboard"
      >
        <div
          class="sticky-wrapper"
        >
          <div
            class=""
          >
            <div>
              <div
                class="page-title-wrapper"
              >
                <h1>
                  National undefined Data
                </h1>
              </div>
              <div
                class="ant-row ant-row-space-between ant-row-bottom"
                style="margin-top: -10px; margin-bottom: -10px;"
              >
                <div
                  class="ant-col"
                  style="padding-top: 10px; padding-bottom: 10px;"
                >
                  <div
                    class="ant-space ant-space-horizontal ant-space-align-center"
                  >
                    <div
                      class="ant-space-item"
                      style="margin-right: 8px;"
                    >
                      <div
                        class="ant-space ant-space-horizontal ant-space-align-center"
                      >
                        <div
                          class="ant-space-item"
                        >
                          <div>
                            
                            <div
                              class="ant-select ant-select-single ant-select-allow-clear ant-select-show-arrow ant-select-show-search"
                              style="width: 160px;"
                            >
                              <div
                                class="ant-select-selector"
                              >
                                <span
                                  class="ant-select-selection-search"
                                >
                                  <input
                                    aria-activedescendant="rc_select_TEST_OR_SSR_list_0"
                                    aria-autocomplete="list"
                                    aria-controls="rc_select_TEST_OR_SSR_list"
                                    aria-haspopup="listbox"
                                    aria-owns="rc_select_TEST_OR_SSR_list"
                                    autocomplete="off"
                                    class="ant-select-selection-search-input"
                                    id="rc_select_TEST_OR_SSR"
                                    role="combobox"
                                    type="search"
                                    value=""
                                  />
                                </span>
                                <span
                                  class="ant-select-selection-placeholder"
                                >
                                  Select County
                                </span>
                              </div>
                              <span
                                aria-hidden="true"
                                class="ant-select-arrow"
                                style="user-select: none;"
                                unselectable="on"
                              >
                                <span
                                  aria-label="down"
                                  class="anticon anticon-down ant-select-suffix"
                                  role="img"
                                >
                                  <svg
                                    aria-hidden="true"
                                    data-icon="down"
                                    fill="currentColor"
                                    focusable="false"
                                    height="1em"
                                    viewBox="64 64 896 896"
                                    width="1em"
                                  >
                                    <path
                                      d="M884 256h-75c-5.1 0-9.9 2.5-12.9 6.6L512 654.2 227.9 262.6c-3-4.1-7.8-6.6-12.9-6.6h-75c-6.5 0-10.3 7.4-6.5 12.7l352.6 486.1c12.8 17.6 39 17.6 51.7 0l352.6-486.1c3.9-5.3.1-12.7-6.4-12.7z"
                                    />
                                  </svg>
                                </span>
                              </span>
                            </div>
                          </div>
                        </div>
                      </div>
                    </div>
                    <div
                      class="ant-space-item"
                      style="margin-right: 8px;"
                    >
                      <button
                        class="ant-btn light"
                        type="button"
                      >
                        <span>
                          Remove Filters
                        </span>
                      </button>
                    </div>
                    <div
                      class="ant-space-item"
                    >
                      <button
                        class="ant-btn light"
                        data-testid="advanced-filter"
                        type="button"
                      >
                        <span
                          aria-label="filter"
                          class="anticon anticon-filter"
                          role="img"
                        >
                          <svg
                            aria-hidden="true"
                            data-icon="filter"
                            fill="currentColor"
                            focusable="false"
                            height="1em"
                            viewBox="64 64 896 896"
                            width="1em"
                          >
                            <path
                              d="M880.1 154H143.9c-24.5 0-39.8 26.7-27.5 48L349 597.4V838c0 17.7 14.2 32 31.8 32h262.4c17.6 0 31.8-14.3 31.8-32V597.4L907.7 202c12.2-21.3-3.1-48-27.6-48zM603.4 798H420.6V642h182.9v156zm9.6-236.6l-9.5 16.6h-183l-9.5-16.6L212.7 226h598.6L613 561.4z"
                            />
                          </svg>
                        </span>
                        <span>
                          Advanced Filters
                        </span>
                      </button>
                    </div>
                  </div>
                </div>
              </div>
              <div
                class="tab-wrapper"
              >
                <div
                  class="ant-tabs ant-tabs-top ant-tabs-card"
                >
                  <div
                    class="ant-tabs-nav"
                    role="tablist"
                  >
                    <div
                      class="ant-tabs-nav-wrap"
                    >
                      <div
                        class="ant-tabs-nav-list"
                        style="transform: translate(0px, 0px);"
                      >
                        <div
                          class="ant-tabs-tab ant-tabs-tab-active"
                        >
                          <div
                            aria-controls="rc-tabs-test-panel-overview"
                            aria-selected="true"
                            class="ant-tabs-tab-btn"
                            id="rc-tabs-test-tab-overview"
                            role="tab"
                            tabindex="0"
                          >
                            Overview
                          </div>
                        </div>
                        <div
                          class="ant-tabs-tab"
                          style="margin-left: 10px;"
                        >
                          <div
                            aria-controls="rc-tabs-test-panel-jmp"
                            aria-selected="false"
                            class="ant-tabs-tab-btn"
                            id="rc-tabs-test-tab-jmp"
                            role="tab"
                            tabindex="0"
                          >
                            JMP
                          </div>
                        </div>
                        <div
                          class="ant-tabs-tab"
                          style="margin-left: 10px;"
                        >
                          <div
                            aria-controls="rc-tabs-test-panel-rush"
                            aria-selected="false"
                            class="ant-tabs-tab-btn"
                            id="rc-tabs-test-tab-rush"
                            role="tab"
                            tabindex="0"
                          >
                            RUSH
                          </div>
                        </div>
                        <div
                          class="ant-tabs-ink-bar ant-tabs-ink-bar-animated"
                          style="left: 0px; width: 0px;"
                        />
                      </div>
                    </div>
                    <div
                      class="ant-tabs-nav-operations ant-tabs-nav-operations-hidden"
                    >
                      <button
                        aria-controls="rc-tabs-test-more-popup"
                        aria-expanded="false"
                        aria-haspopup="listbox"
                        aria-hidden="true"
                        class="ant-tabs-nav-more"
                        id="rc-tabs-test-more"
                        style="margin-left: 10px; visibility: hidden; order: 1;"
                        tabindex="-1"
                        type="button"
                      >
                        <span
                          aria-label="ellipsis"
                          class="anticon anticon-ellipsis"
                          role="img"
                        >
                          <svg
                            aria-hidden="true"
                            data-icon="ellipsis"
                            fill="currentColor"
                            focusable="false"
                            height="1em"
                            viewBox="64 64 896 896"
                            width="1em"
                          >
                            <path
                              d="M176 511a56 56 0 10112 0 56 56 0 10-112 0zm280 0a56 56 0 10112 0 56 56 0 10-112 0zm280 0a56 56 0 10112 0 56 56 0 10-112 0z"
                            />
                          </svg>
                        </span>
                      </button>
                    </div>
                  </div>
                  <div
                    class="ant-tabs-content-holder"
                  >
                    <div
                      class="ant-tabs-content ant-tabs-content-top"
                    >
                      <div
                        aria-hidden="false"
                        aria-labelledby="rc-tabs-test-tab-overview"
                        class="ant-tabs-tabpane ant-tabs-tabpane-active"
                        id="rc-tabs-test-panel-overview"
                        role="tabpanel"
                        tabindex="0"
                      />
                      <div
                        aria-hidden="true"
                        aria-labelledby="rc-tabs-test-tab-jmp"
                        class="ant-tabs-tabpane"
                        id="rc-tabs-test-panel-jmp"
                        role="tabpanel"
                        style="display: none;"
                        tabindex="-1"
                      />
                      <div
                        aria-hidden="true"
                        aria-labelledby="rc-tabs-test-tab-rush"
                        class="ant-tabs-tabpane"
                        id="rc-tabs-test-panel-rush"
                        role="tabpanel"
                        style="display: none;"
                        tabindex="-1"
                      />
                    </div>
                  </div>
                </div>
              </div>
            </div>
          </div>
        </div>
        <div
          class="ant-row ant-row-center main-wrapper"
        >
          <div
            align="center"
            class="ant-col ant-col-24"
          >
            <h4>
              No data
            </h4>
          </div>
        </div>
      </div>
    </div>
    <div
      class="footer"
    >
      <div
        class="ant-row ant-row-space-between ant-row-top"
      >
        <div
          class="ant-col ant-col-8"
        >
          <h2>
            About Data
          </h2>
          <p>
            All the data contained in the RUSH platform is aggregated from both primary and secondary data sources from the 47 counties in Kenya. The data is updated on a monthly basis.
          </p>
        </div>
        <div
          class="ant-col ant-col-4"
        >
          <h2>
            External Links
          </h2>
          <ul>
            <li>
              <a
                href="https://washdata.org/how-we-work/about-jmp#:~:text=Background,hygiene%20(WASH)%20since%201990"
                rel="noreferrer"
                target="_blank"
              >
                JMP
              </a>
            </li>
            <li>
              <a
                href=" http://wash.health.go.ke/clts/index.jsp"
                rel="noreferrer"
                target="_blank"
              >
                CLTS RTMIS
              </a>
            </li>
            <li>
              <a
                href="https://www.who.int/teams/environment-climate-change-and-health/water-sanitation-and-health/monitoring-and-evidence/wash-systems-monitoring/un-water-global-analysis-and-assessment-of-sanitation-and-drinking-water"
                rel="noreferrer"
                target="_blank"
              >
                GLAAS
              </a>
            </li>
          </ul>
        </div>
        <div
          class="ant-col ant-col-4"
        >
          <h2>
            Resources
          </h2>
          <ul>
            <li>
              <a
                href="#"
                rel="noreferrer"
                target="_blank"
              >
                International Resources
              </a>
            </li>
            <li>
              <a
                href="#"
                rel="noreferrer"
                target="_blank"
              >
                National Resources
              </a>
            </li>
            <li>
              <a
                href="#"
                rel="noreferrer"
                target="_blank"
              >
                County Resources
              </a>
            </li>
          </ul>
        </div>
        <div
          class="ant-col ant-col-6"
        >
          <h2>
            Contacts
          </h2>
          <p>
            Afya House, Cathedral Road, P.O. Box:30016–00100, Nairobi, Kenya
          </p>
          <ul>
            <li>
              Phone:
              <a
                href="tel:+25x-xx-xxxxx"
                rel="noreferrer"
                target="_blank"
              >
                +25x-xx-xxxxx
              </a>
            </li>
            <li>
              Email:
              <a
                href="mailto:xxx@health.go.ke"
                rel="noreferrer"
                target="_blank"
              >
                xxx@health.go.ke
              </a>
            </li>
          </ul>
        </div>
      </div>
      <div
        class="ant-row ant-row-space-between ant-row-top end"
      >
        <div
          class="ant-col"
        >
          © 2022 — Ministry of Health
        </div>
        <div
          class="ant-col"
        >
          <a
            href="https://www.akvo.org"
            rel="noreferrer"
            target="_blank"
          >
            Akvo
          </a>
        </div>
      </div>
    </div>
  </div>
</div>
`;
