// Jest Snapshot v1, https://goo.gl/fbAQLP

exports[`FormDataDetails should match with snapshot 1`] = `
<View
  style={
    {
      "backgroundColor": "#f9fafb",
      "flex": 1,
      "flexDirection": "column",
      "flexWrap": "wrap",
    }
  }
  testID="stack-container"
>
  <View
    style={
      {
        "alignItems": "center",
        "backgroundColor": "#f3f4f6",
        "borderBottomColor": "#f2f2f2",
        "borderBottomWidth": 0.5,
        "flexDirection": "row",
        "justifyContent": "space-between",
        "minheight": 78,
        "paddingHorizontal": 10,
        "paddingVertical": 10,
      }
    }
    testID="base-layout-page-title"
  >
    <RNCSafeAreaView
      edges={
        [
          "left",
          "top",
          "right",
        ]
      }
      style={
        {
          "flexDirection": "row",
          "width": "100%",
        }
      }
    >
      <View
        style={
          {
            "alignItems": "flex-start",
            "flex": 1,
          }
        }
      >
        <Text
          accessibilityRole="text"
          style={
            {
              "color": "#242424",
            }
          }
        />
      </View>
      <View
        style={
          {
            "alignItems": "center",
            "flex": 3,
          }
        }
      >
        <Text
          accessibilityRole="text"
          style={
            {
              "color": "#242424",
              "fontSize": 18,
              "paddingTop": 4,
              "textAlign": "center",
            }
          }
          testID="page-title"
        >
          Datapoint name
        </Text>
      </View>
      <View
        style={
          {
            "alignItems": "flex-end",
            "flex": 1,
          }
        }
      />
    </RNCSafeAreaView>
  </View>
  <RCTScrollView
    style={
      {
        "width": "100%",
      }
    }
  >
    <View>
      <View>
        <View
          style={
            {
              "alignItems": "center",
              "backgroundColor": "#ffffff",
              "borderBottomWidth": 0.5,
              "borderColor": "#bcbbc1",
              "flexDirection": "row",
              "padding": 14,
            }
          }
          testID="RNE__LISTITEM__padView"
        >
          <View
            style={
              [
                {
                  "alignItems": "flex-start",
                  "flex": 1,
                  "justifyContent": "center",
                },
                undefined,
              ]
            }
            theme={
              {
                "colors": {
                  "background": "#ffffff",
                  "black": "#242424",
                  "disabled": "hsl(208, 8%, 90%)",
                  "divider": "#bcbbc1",
                  "error": "#ff190c",
                  "grey0": "#393e42",
                  "grey1": "#43484d",
                  "grey2": "#5e6977",
                  "grey3": "#86939e",
                  "grey4": "#bdc6cf",
                  "grey5": "#e1e8ee",
                  "greyOutline": "#bbb",
                  "platform": {
                    "android": {
                      "error": "#f44336",
                      "grey": "rgba(0, 0, 0, 0.54)",
                      "primary": "#2196f3",
                      "searchBg": "#dcdce1",
                      "secondary": "#9C27B0",
                      "success": "#4caf50",
                      "warning": "#ffeb3b",
                    },
                    "default": {
                      "error": "#ff3b30",
                      "grey": "#7d7d7d",
                      "primary": "#007aff",
                      "searchBg": "#dcdce1",
                      "secondary": "#5856d6",
                      "success": "#4cd964",
                      "warning": "#ffcc00",
                    },
                    "ios": {
                      "error": "#ff3b30",
                      "grey": "#7d7d7d",
                      "primary": "#007aff",
                      "searchBg": "#dcdce1",
                      "secondary": "#5856d6",
                      "success": "#4cd964",
                      "warning": "#ffcc00",
                    },
                    "web": {
                      "error": "#ff190c",
                      "grey": "#393e42",
                      "primary": "#2089dc",
                      "searchBg": "#303337",
                      "secondary": "#ca71eb",
                      "success": "#52c41a",
                      "warning": "#faad14",
                    },
                  },
                  "primary": "#2089dc",
                  "searchBg": "#303337",
                  "secondary": "#ad1457",
                  "success": "#52c41a",
                  "warning": "#faad14",
                  "white": "#ffffff",
                },
                "spacing": {
                  "lg": 12,
                  "md": 8,
                  "sm": 4,
                  "xl": 24,
                  "xs": 2,
                },
              }
            }
          >
            <Text
              accessibilityRole="text"
              style={
                {
                  "backgroundColor": "transparent",
                  "color": "#242424",
                  "fontSize": 14,
                  "fontWeight": 700,
                  "marginBottom": 4,
                }
              }
              testID="text-question-0"
            />
            <Text
              accessibilityRole="text"
              style={
                {
                  "backgroundColor": "transparent",
                  "color": "#242424",
                  "fontSize": 15,
                }
              }
              testID="listItemTitle"
            >
              <Text
                testID="text-answer-0"
              >
                -
              </Text>
            </Text>
          </View>
        </View>
      </View>
      <View>
        <View
          style={
            {
              "alignItems": "center",
              "backgroundColor": "#ffffff",
              "borderBottomWidth": 0.5,
              "borderColor": "#bcbbc1",
              "flexDirection": "row",
              "padding": 14,
            }
          }
          testID="RNE__LISTITEM__padView"
        >
          <View
            style={
              [
                {
                  "alignItems": "flex-start",
                  "flex": 1,
                  "justifyContent": "center",
                },
                undefined,
              ]
            }
            theme={
              {
                "colors": {
                  "background": "#ffffff",
                  "black": "#242424",
                  "disabled": "hsl(208, 8%, 90%)",
                  "divider": "#bcbbc1",
                  "error": "#ff190c",
                  "grey0": "#393e42",
                  "grey1": "#43484d",
                  "grey2": "#5e6977",
                  "grey3": "#86939e",
                  "grey4": "#bdc6cf",
                  "grey5": "#e1e8ee",
                  "greyOutline": "#bbb",
                  "platform": {
                    "android": {
                      "error": "#f44336",
                      "grey": "rgba(0, 0, 0, 0.54)",
                      "primary": "#2196f3",
                      "searchBg": "#dcdce1",
                      "secondary": "#9C27B0",
                      "success": "#4caf50",
                      "warning": "#ffeb3b",
                    },
                    "default": {
                      "error": "#ff3b30",
                      "grey": "#7d7d7d",
                      "primary": "#007aff",
                      "searchBg": "#dcdce1",
                      "secondary": "#5856d6",
                      "success": "#4cd964",
                      "warning": "#ffcc00",
                    },
                    "ios": {
                      "error": "#ff3b30",
                      "grey": "#7d7d7d",
                      "primary": "#007aff",
                      "searchBg": "#dcdce1",
                      "secondary": "#5856d6",
                      "success": "#4cd964",
                      "warning": "#ffcc00",
                    },
                    "web": {
                      "error": "#ff190c",
                      "grey": "#393e42",
                      "primary": "#2089dc",
                      "searchBg": "#303337",
                      "secondary": "#ca71eb",
                      "success": "#52c41a",
                      "warning": "#faad14",
                    },
                  },
                  "primary": "#2089dc",
                  "searchBg": "#303337",
                  "secondary": "#ad1457",
                  "success": "#52c41a",
                  "warning": "#faad14",
                  "white": "#ffffff",
                },
                "spacing": {
                  "lg": 12,
                  "md": 8,
                  "sm": 4,
                  "xl": 24,
                  "xs": 2,
                },
              }
            }
          >
            <Text
              accessibilityRole="text"
              style={
                {
                  "backgroundColor": "transparent",
                  "color": "#242424",
                  "fontSize": 14,
                  "fontWeight": 700,
                  "marginBottom": 4,
                }
              }
              testID="text-question-1"
            />
            <Text
              accessibilityRole="text"
              style={
                {
                  "backgroundColor": "transparent",
                  "color": "#242424",
                  "fontSize": 15,
                }
              }
              testID="listItemTitle"
            >
              <Text
                testID="text-answer-1"
              >
                Test Village
              </Text>
            </Text>
          </View>
        </View>
      </View>
      <View>
        <View
          style={
            {
              "alignItems": "center",
              "backgroundColor": "#ffffff",
              "borderBottomWidth": 0.5,
              "borderColor": "#bcbbc1",
              "flexDirection": "row",
              "padding": 14,
            }
          }
          testID="RNE__LISTITEM__padView"
        >
          <View
            style={
              [
                {
                  "alignItems": "flex-start",
                  "flex": 1,
                  "justifyContent": "center",
                },
                undefined,
              ]
            }
            theme={
              {
                "colors": {
                  "background": "#ffffff",
                  "black": "#242424",
                  "disabled": "hsl(208, 8%, 90%)",
                  "divider": "#bcbbc1",
                  "error": "#ff190c",
                  "grey0": "#393e42",
                  "grey1": "#43484d",
                  "grey2": "#5e6977",
                  "grey3": "#86939e",
                  "grey4": "#bdc6cf",
                  "grey5": "#e1e8ee",
                  "greyOutline": "#bbb",
                  "platform": {
                    "android": {
                      "error": "#f44336",
                      "grey": "rgba(0, 0, 0, 0.54)",
                      "primary": "#2196f3",
                      "searchBg": "#dcdce1",
                      "secondary": "#9C27B0",
                      "success": "#4caf50",
                      "warning": "#ffeb3b",
                    },
                    "default": {
                      "error": "#ff3b30",
                      "grey": "#7d7d7d",
                      "primary": "#007aff",
                      "searchBg": "#dcdce1",
                      "secondary": "#5856d6",
                      "success": "#4cd964",
                      "warning": "#ffcc00",
                    },
                    "ios": {
                      "error": "#ff3b30",
                      "grey": "#7d7d7d",
                      "primary": "#007aff",
                      "searchBg": "#dcdce1",
                      "secondary": "#5856d6",
                      "success": "#4cd964",
                      "warning": "#ffcc00",
                    },
                    "web": {
                      "error": "#ff190c",
                      "grey": "#393e42",
                      "primary": "#2089dc",
                      "searchBg": "#303337",
                      "secondary": "#ca71eb",
                      "success": "#52c41a",
                      "warning": "#faad14",
                    },
                  },
                  "primary": "#2089dc",
                  "searchBg": "#303337",
                  "secondary": "#ad1457",
                  "success": "#52c41a",
                  "warning": "#faad14",
                  "white": "#ffffff",
                },
                "spacing": {
                  "lg": 12,
                  "md": 8,
                  "sm": 4,
                  "xl": 24,
                  "xs": 2,
                },
              }
            }
          >
            <Text
              accessibilityRole="text"
              style={
                {
                  "backgroundColor": "transparent",
                  "color": "#242424",
                  "fontSize": 14,
                  "fontWeight": 700,
                  "marginBottom": 4,
                }
              }
              testID="text-question-2"
            />
            <Text
              accessibilityRole="text"
              style={
                {
                  "backgroundColor": "transparent",
                  "color": "#242424",
                  "fontSize": 15,
                }
              }
              testID="listItemTitle"
            >
              <View
                testID="text-type-geo-2"
              >
                <Text>
                  Latitude
                  : 
                  -7.391187
                </Text>
                <Text>
                  Longitude
                  : 
                  109.4651083
                </Text>
              </View>
            </Text>
          </View>
        </View>
      </View>
      <View>
        <View
          style={
            {
              "alignItems": "center",
              "backgroundColor": "#ffffff",
              "borderBottomWidth": 0.5,
              "borderColor": "#bcbbc1",
              "flexDirection": "row",
              "padding": 14,
            }
          }
          testID="RNE__LISTITEM__padView"
        >
          <View
            style={
              [
                {
                  "alignItems": "flex-start",
                  "flex": 1,
                  "justifyContent": "center",
                },
                undefined,
              ]
            }
            theme={
              {
                "colors": {
                  "background": "#ffffff",
                  "black": "#242424",
                  "disabled": "hsl(208, 8%, 90%)",
                  "divider": "#bcbbc1",
                  "error": "#ff190c",
                  "grey0": "#393e42",
                  "grey1": "#43484d",
                  "grey2": "#5e6977",
                  "grey3": "#86939e",
                  "grey4": "#bdc6cf",
                  "grey5": "#e1e8ee",
                  "greyOutline": "#bbb",
                  "platform": {
                    "android": {
                      "error": "#f44336",
                      "grey": "rgba(0, 0, 0, 0.54)",
                      "primary": "#2196f3",
                      "searchBg": "#dcdce1",
                      "secondary": "#9C27B0",
                      "success": "#4caf50",
                      "warning": "#ffeb3b",
                    },
                    "default": {
                      "error": "#ff3b30",
                      "grey": "#7d7d7d",
                      "primary": "#007aff",
                      "searchBg": "#dcdce1",
                      "secondary": "#5856d6",
                      "success": "#4cd964",
                      "warning": "#ffcc00",
                    },
                    "ios": {
                      "error": "#ff3b30",
                      "grey": "#7d7d7d",
                      "primary": "#007aff",
                      "searchBg": "#dcdce1",
                      "secondary": "#5856d6",
                      "success": "#4cd964",
                      "warning": "#ffcc00",
                    },
                    "web": {
                      "error": "#ff190c",
                      "grey": "#393e42",
                      "primary": "#2089dc",
                      "searchBg": "#303337",
                      "secondary": "#ca71eb",
                      "success": "#52c41a",
                      "warning": "#faad14",
                    },
                  },
                  "primary": "#2089dc",
                  "searchBg": "#303337",
                  "secondary": "#ad1457",
                  "success": "#52c41a",
                  "warning": "#faad14",
                  "white": "#ffffff",
                },
                "spacing": {
                  "lg": 12,
                  "md": 8,
                  "sm": 4,
                  "xl": 24,
                  "xs": 2,
                },
              }
            }
          >
            <Text
              accessibilityRole="text"
              style={
                {
                  "backgroundColor": "transparent",
                  "color": "#242424",
                  "fontSize": 14,
                  "fontWeight": 700,
                  "marginBottom": 4,
                }
              }
              testID="text-question-3"
            />
            <Text
              accessibilityRole="text"
              style={
                {
                  "backgroundColor": "transparent",
                  "color": "#242424",
                  "fontSize": 15,
                }
              }
              testID="listItemTitle"
            >
              <Text
                testID="text-answer-3"
              >
                2021-12-22
              </Text>
            </Text>
          </View>
        </View>
      </View>
      <View
        style={
          {
            "backgroundColor": "white",
            "borderBottomColor": "silver",
            "borderLeftColor": "transparent",
            "borderRightColor": "transparent",
            "borderTopColor": "transparent",
            "borderWidth": 1,
            "display": "flex",
            "flexDirection": "column",
            "gap": 8,
            "padding": 16,
          }
        }
      >
        <Text
          style={
            {
              "fontSize": 14,
              "fontWeight": 700,
              "marginBottom": 4,
            }
          }
          testID="text-question-4"
        />
        <View
          accessibilityIgnoresInvertColors={true}
          style={
            {
              "backgroundColor": "transparent",
              "overflow": "hidden",
              "position": "relative",
            }
          }
        >
          <Image
            onLoad={[Function]}
            source={
              {
                "uri": "data:image/jpeg;base64,dummyR0ndomb5e64",
              }
            }
            style={
              {
                "aspectRatio": 1,
                "bottom": 0,
                "height": 200,
                "left": 0,
                "position": "absolute",
                "right": 0,
                "top": 0,
                "width": "100%",
              }
            }
            testID="image-answer-4"
            theme={
              {
                "colors": {
                  "background": "#ffffff",
                  "black": "#242424",
                  "disabled": "hsl(208, 8%, 90%)",
                  "divider": "#bcbbc1",
                  "error": "#ff190c",
                  "grey0": "#393e42",
                  "grey1": "#43484d",
                  "grey2": "#5e6977",
                  "grey3": "#86939e",
                  "grey4": "#bdc6cf",
                  "grey5": "#e1e8ee",
                  "greyOutline": "#bbb",
                  "platform": {
                    "android": {
                      "error": "#f44336",
                      "grey": "rgba(0, 0, 0, 0.54)",
                      "primary": "#2196f3",
                      "searchBg": "#dcdce1",
                      "secondary": "#9C27B0",
                      "success": "#4caf50",
                      "warning": "#ffeb3b",
                    },
                    "default": {
                      "error": "#ff3b30",
                      "grey": "#7d7d7d",
                      "primary": "#007aff",
                      "searchBg": "#dcdce1",
                      "secondary": "#5856d6",
                      "success": "#4cd964",
                      "warning": "#ffcc00",
                    },
                    "ios": {
                      "error": "#ff3b30",
                      "grey": "#7d7d7d",
                      "primary": "#007aff",
                      "searchBg": "#dcdce1",
                      "secondary": "#5856d6",
                      "success": "#4cd964",
                      "warning": "#ffcc00",
                    },
                    "web": {
                      "error": "#ff190c",
                      "grey": "#393e42",
                      "primary": "#2089dc",
                      "searchBg": "#303337",
                      "secondary": "#ca71eb",
                      "success": "#52c41a",
                      "warning": "#faad14",
                    },
                  },
                  "primary": "#2089dc",
                  "searchBg": "#303337",
                  "secondary": "#ad1457",
                  "success": "#52c41a",
                  "warning": "#faad14",
                  "white": "#ffffff",
                },
                "spacing": {
                  "lg": 12,
                  "md": 8,
                  "sm": 4,
                  "xl": 24,
                  "xs": 2,
                },
              }
            }
            transitionDuration={360}
          />
          <View
            accessibilityElementsHidden={true}
            collapsable={false}
            importantForAccessibility="no-hide-descendants"
            pointerEvents="none"
            style={
              {
                "bottom": 0,
                "left": 0,
                "opacity": 1,
                "position": "absolute",
                "right": 0,
                "top": 0,
              }
            }
          >
            <View
              style={
                {
                  "alignItems": "center",
                  "aspectRatio": 1,
                  "backgroundColor": "#bdbdbd",
                  "height": 200,
                  "justifyContent": "center",
                  "width": "100%",
                }
              }
              testID="RNE__Image__placeholder"
            />
          </View>
          <View
            style={
              {
                "aspectRatio": 1,
                "height": 200,
                "width": "100%",
              }
            }
            testID="RNE__Image__children__container"
          />
        </View>
      </View>
    </View>
  </RCTScrollView>
  <View
    style={
      {
        "alignItems": "center",
        "borderBottomWidth": 0,
        "borderTopColor": "grey",
        "borderTopWidth": 0.5,
        "display": "flex",
        "flexDirection": "row",
        "justifyContent": "space-around",
        "paddingVertical": 8,
      }
    }
  >
    <View
      style={
        [
          {
            "overflow": "hidden",
          },
          {
            "borderRadius": 2,
          },
          undefined,
          false,
        ]
      }
      testID="RNE_BUTTON_WRAPPER"
    >
      <View
        accessibilityRole="button"
        accessibilityState={
          {
            "busy": false,
            "checked": undefined,
            "disabled": true,
            "expanded": undefined,
            "selected": undefined,
          }
        }
        accessibilityValue={
          {
            "max": undefined,
            "min": undefined,
            "now": undefined,
            "text": undefined,
          }
        }
        accessible={true}
        collapsable={false}
        focusable={true}
        onClick={[Function]}
        onResponderGrant={[Function]}
        onResponderMove={[Function]}
        onResponderRelease={[Function]}
        onResponderTerminate={[Function]}
        onResponderTerminationRequest={[Function]}
        onStartShouldSetResponder={[Function]}
        style={
          {
            "opacity": 1,
          }
        }
        testID="button-back"
      >
        <View
          style={
            {
              "alignItems": "center",
              "backgroundColor": "transparent",
              "borderColor": "#2089dc",
              "borderRadius": 2,
              "borderWidth": 0,
              "flexDirection": "row",
              "fontSize": 14,
              "justifyContent": "center",
              "padding": 8,
              "paddingHorizontal": 8,
            }
          }
        >
          <Text
            allowFontScaling={false}
            selectable={false}
            style={
              [
                {
                  "color": undefined,
                  "fontSize": 12,
                },
                {
                  "color": "#9ca3af",
                  "fontSize": 18,
                  "paddingHorizontal": 4,
                },
                {
                  "fontFamily": "ionicons",
                  "fontStyle": "normal",
                  "fontWeight": "normal",
                },
                {},
              ]
            }
          >
            
          </Text>
        </View>
      </View>
    </View>
    <Text
      style={
        {
          "color": "#1f2937",
          "fontSize": 14,
          "textAlign": "center",
          "width": "60%",
        }
      }
      testID="text-pagination"
    >
      1
      /
      2
    </Text>
    <View
      style={
        [
          {
            "overflow": "hidden",
          },
          {
            "borderRadius": 2,
          },
          undefined,
          false,
        ]
      }
      testID="RNE_BUTTON_WRAPPER"
    >
      <View
        accessibilityRole="button"
        accessibilityState={
          {
            "busy": false,
            "checked": undefined,
            "disabled": false,
            "expanded": undefined,
            "selected": undefined,
          }
        }
        accessibilityValue={
          {
            "max": undefined,
            "min": undefined,
            "now": undefined,
            "text": undefined,
          }
        }
        accessible={true}
        collapsable={false}
        focusable={true}
        onClick={[Function]}
        onResponderGrant={[Function]}
        onResponderMove={[Function]}
        onResponderRelease={[Function]}
        onResponderTerminate={[Function]}
        onResponderTerminationRequest={[Function]}
        onStartShouldSetResponder={[Function]}
        style={
          {
            "opacity": 1,
          }
        }
        testID="button-next"
      >
        <View
          style={
            {
              "alignItems": "center",
              "backgroundColor": "transparent",
              "borderColor": "#2089dc",
              "borderRadius": 2,
              "borderWidth": 0,
              "flexDirection": "row-reverse",
              "fontSize": 14,
              "justifyContent": "center",
              "padding": 8,
              "paddingHorizontal": 8,
            }
          }
        >
          <Text
            allowFontScaling={false}
            selectable={false}
            style={
              [
                {
                  "color": undefined,
                  "fontSize": 12,
                },
                {
                  "color": "#1f2937",
                  "fontSize": 18,
                  "paddingHorizontal": 4,
                },
                {
                  "fontFamily": "ionicons",
                  "fontStyle": "normal",
                  "fontWeight": "normal",
                },
                {},
              ]
            }
          >
            
          </Text>
        </View>
      </View>
    </View>
  </View>
</View>
`;
